leaf-delay.c:22:9:tDelay_init	24	static
leaf-delay.c:27:9:tDelay_initToPool	24	static
leaf-delay.c:50:6:tDelay_free	8	static
leaf-delay.c:58:9:tDelay_clear	0	static
leaf-delay.c:67:9:tDelay_tick	4	static
leaf-delay.c:83:9:tDelay_setDelay	16	static
leaf-delay.c:96:7:tDelay_tapOut	0	static
leaf-delay.c:109:6:tDelay_tapIn	0	static
leaf-delay.c:121:7:tDelay_addTo	0	static
leaf-delay.c:133:12:tDelay_getDelay	0	static
leaf-delay.c:139:9:tDelay_getLastOut	0	static
leaf-delay.c:145:9:tDelay_getLastIn	0	static
leaf-delay.c:151:6:tDelay_setGain	0	static
leaf-delay.c:158:7:tDelay_getGain	0	static
leaf-delay.c:165:8:tLinearDelay_init	32	static
leaf-delay.c:170:6:tLinearDelay_initToPool	32	static
leaf-delay.c:195:6:tLinearDelay_free	8	static
leaf-delay.c:203:9:tLinearDelay_clear	0	static
leaf-delay.c:212:9:tLinearDelay_tick	4	static
leaf-delay.c:236:8:tLinearDelay_tickIn	0	static
leaf-delay.c:246:9:tLinearDelay_tickOut	4	static
leaf-delay.c:265:9:tLinearDelay_setDelay	8	static
leaf-delay.c:286:7:tLinearDelay_tapOut	0	static
leaf-delay.c:297:6:tLinearDelay_tapIn	0	static
leaf-delay.c:309:7:tLinearDelay_addTo	0	static
leaf-delay.c:321:9:tLinearDelay_getDelay	0	static
leaf-delay.c:327:9:tLinearDelay_getLastOut	0	static
leaf-delay.c:333:9:tLinearDelay_getLastIn	0	static
leaf-delay.c:339:6:tLinearDelay_setGain	0	static
leaf-delay.c:346:7:tLinearDelay_getGain	0	static
leaf-delay.c:358:6:tHermiteDelay_init	32	static
leaf-delay.c:363:6:tHermiteDelay_initToPool	32	static
leaf-delay.c:388:6:tHermiteDelay_free	8	static
leaf-delay.c:397:9:tHermiteDelay_clear	0	static
leaf-delay.c:406:9:tHermiteDelay_tick	24	static
leaf-delay.c:429:8:tHermiteDelay_tickIn	0	static
leaf-delay.c:439:9:tHermiteDelay_tickOut	24	static
leaf-delay.c:459:9:tHermiteDelay_setDelay	8	static
leaf-delay.c:480:7:tHermiteDelay_tapOut	0	static
leaf-delay.c:493:6:tHermiteDelay_tapIn	0	static
leaf-delay.c:505:7:tHermiteDelay_addTo	0	static
leaf-delay.c:517:9:tHermiteDelay_getDelay	0	static
leaf-delay.c:523:9:tHermiteDelay_getLastOut	0	static
leaf-delay.c:529:9:tHermiteDelay_getLastIn	0	static
leaf-delay.c:535:6:tHermiteDelay_setGain	0	static
leaf-delay.c:542:7:tHermiteDelay_getGain	0	static
leaf-delay.c:553:6:tAllpassDelay_init	32	static
leaf-delay.c:558:6:tAllpassDelay_initToPool	32	static
leaf-delay.c:585:6:tAllpassDelay_free	8	static
leaf-delay.c:593:6:tAllpassDelay_clear	0	static
leaf-delay.c:602:7:tAllpassDelay_tick	4	static
leaf-delay.c:625:6:tAllpassDelay_tickIn	0	static
leaf-delay.c:635:7:tAllpassDelay_tickOut	0	static
leaf-delay.c:653:9:tAllpassDelay_setDelay	8	static
leaf-delay.c:687:7:tAllpassDelay_tapOut	0	static
leaf-delay.c:700:6:tAllpassDelay_tapIn	0	static
leaf-delay.c:712:7:tAllpassDelay_addTo	0	static
leaf-delay.c:724:9:tAllpassDelay_getDelay	0	static
leaf-delay.c:730:9:tAllpassDelay_getLastOut	0	static
leaf-delay.c:736:9:tAllpassDelay_getLastIn	0	static
leaf-delay.c:742:6:tAllpassDelay_setGain	0	static
leaf-delay.c:749:7:tAllpassDelay_getGain	0	static
leaf-delay.c:756:6:tTapeDelay_init	32	static
leaf-delay.c:761:6:tTapeDelay_initToPool	32	static
leaf-delay.c:783:6:tTapeDelay_free	8	static
leaf-delay.c:791:6:tTapeDelay_clear	0	static
leaf-delay.c:802:9:tTapeDelay_tick	24	static
leaf-delay.c:834:8:tTapeDelay_tickIn	0	static
leaf-delay.c:846:9:tTapeDelay_tickOut	24	static
leaf-delay.c:875:7:tTapeDelay_incrementInPoint	0	static
leaf-delay.c:883:6:tTapeDelay_setRate	0	static
leaf-delay.c:889:10:tTapeDelay_setDelay	8	static
leaf-delay.c:895:7:tTapeDelay_tapOut	16	static
leaf-delay.c:918:6:tTapeDelay_tapIn	0	static
leaf-delay.c:930:7:tTapeDelay_addTo	0	static
leaf-delay.c:942:9:tTapeDelay_getDelay	0	static
leaf-delay.c:948:9:tTapeDelay_getLastOut	0	static
leaf-delay.c:954:9:tTapeDelay_getLastIn	0	static
leaf-delay.c:960:6:tTapeDelay_setGain	0	static
leaf-delay.c:967:7:tTapeDelay_getGain	0	static
leaf-delay.c:975:9:tRingBuffer_init	24	static
leaf-delay.c:980:9:tRingBuffer_initToPool	24	static
leaf-delay.c:995:9:tRingBuffer_free	8	static
leaf-delay.c:1003:8:tRingBuffer_push	0	static
leaf-delay.c:1012:9:tRingBuffer_getNewest	0	static
leaf-delay.c:1019:9:tRingBuffer_getOldest	0	static
leaf-delay.c:1026:9:tRingBuffer_get	0	static
leaf-delay.c:1033:9:tRingBuffer_getSize	0	static
