leaf-oscillators.c:21:9:tCycle_init	16	static
leaf-oscillators.c:26:9:tCycle_initToPool	16	static
leaf-oscillators.c:39:9:tCycle_free	0	static
leaf-oscillators.c:46:10:tCycle_setFreq	0	static
leaf-oscillators.c:59:9:tCycle_tick	4	static
leaf-oscillators.c:85:10:tCycle_setSampleRate	0	static
leaf-oscillators.c:97:8:tTriangle_init	16	static
leaf-oscillators.c:102:9:tTriangle_initToPool	16	static
leaf-oscillators.c:115:9:tTriangle_free	0	static
leaf-oscillators.c:122:6:tTriangle_setFreq	8	static
leaf-oscillators.c:142:9:tTriangle_tick	8	static
leaf-oscillators.c:178:10:tTriangle_setSampleRate	8	static
leaf-oscillators.c:190:8:tSquare_init	16	static
leaf-oscillators.c:195:9:tSquare_initToPool	16	static
leaf-oscillators.c:208:9:tSquare_free	0	static
leaf-oscillators.c:215:9:tSquare_setFreq	8	static
leaf-oscillators.c:234:9:tSquare_tick	8	static
leaf-oscillators.c:270:10:tSquare_setSampleRate	8	static
leaf-oscillators.c:282:9:tSawtooth_init	16	static
leaf-oscillators.c:287:9:tSawtooth_initToPool	16	static
leaf-oscillators.c:300:9:tSawtooth_free	0	static
leaf-oscillators.c:307:9:tSawtooth_setFreq	8	static
leaf-oscillators.c:326:9:tSawtooth_tick	8	static
leaf-oscillators.c:362:10:tSawtooth_setSampleRate	8	static
leaf-oscillators.c:374:9:tPBTriangle_init	16	static
leaf-oscillators.c:379:9:tPBTriangle_initToPool	16	static
leaf-oscillators.c:393:9:tPBTriangle_free	0	static
leaf-oscillators.c:400:9:tPBTriangle_tick	24	static
leaf-oscillators.c:431:9:tPBTriangle_setFreq	0	static
leaf-oscillators.c:439:9:tPBTriangle_setSkew	0	static
leaf-oscillators.c:445:10:tPBTriangle_setSampleRate	0	static
leaf-oscillators.c:457:9:tPBPulse_init	16	static
leaf-oscillators.c:462:9:tPBPulse_initToPool	16	static
leaf-oscillators.c:475:9:tPBPulse_free	0	static
leaf-oscillators.c:482:9:tPBPulse_tick	16	static
leaf-oscillators.c:499:9:tPBPulse_setFreq	0	static
leaf-oscillators.c:507:9:tPBPulse_setWidth	0	static
leaf-oscillators.c:513:9:tPBPulse_setSampleRate	0	static
leaf-oscillators.c:524:9:tPBSaw_init	16	static
leaf-oscillators.c:529:9:tPBSaw_initToPool	16	static
leaf-oscillators.c:541:9:tPBSaw_free	0	static
leaf-oscillators.c:548:9:tPBSaw_tick	16	static
leaf-oscillators.c:562:9:tPBSaw_setFreq	0	static
leaf-oscillators.c:570:9:tPBSaw_setSampleRate	0	static
leaf-oscillators.c:581:9:tPhasor_init	16	static
leaf-oscillators.c:586:9:tPhasor_initToPool	16	static
leaf-oscillators.c:599:9:tPhasor_free	0	static
leaf-oscillators.c:606:9:tPhasor_setFreq	0	static
leaf-oscillators.c:616:9:tPhasor_tick	0	static
leaf-oscillators.c:637:10:tPhasor_setSampleRate	0	static
leaf-oscillators.c:647:9:tNoise_init	16	static
leaf-oscillators.c:652:9:tNoise_initToPool	16	static
leaf-oscillators.c:663:9:tNoise_free	0	static
leaf-oscillators.c:670:9:tNoise_tick	8	static
leaf-oscillators.c:694:6:tNeuron_init	24	static
leaf-oscillators.c:699:6:tNeuron_initToPool	24	static
leaf-oscillators.c:734:9:tNeuron_free	8	static
leaf-oscillators.c:742:8:tNeuron_reset	16	static
leaf-oscillators.c:771:6:tNeuron_setV1	0	static
leaf-oscillators.c:777:6:tNeuron_setV2	0	static
leaf-oscillators.c:783:6:tNeuron_setV3	0	static
leaf-oscillators.c:789:6:tNeuron_setTimeStep	0	static
leaf-oscillators.c:795:6:tNeuron_setK	0	static
leaf-oscillators.c:801:6:tNeuron_setL	0	static
leaf-oscillators.c:808:6:tNeuron_setN	0	static
leaf-oscillators.c:814:6:tNeuron_setC	0	static
leaf-oscillators.c:821:7:tNeuron_tick	32	static
leaf-oscillators.c:897:6:tNeuron_setMode	0	static
leaf-oscillators.c:903:6:tNeuron_setCurrent	0	static
leaf-oscillators.c:909:6:tNeuron_setSampleRate	0	static
leaf-oscillators.c:918:6:tMBPulse_init	16	static
leaf-oscillators.c:923:6:tMBPulse_initToPool	16	static
leaf-oscillators.c:945:6:tMBPulse_free	0	static
leaf-oscillators.c:951:7:tMBPulse_tick	64	static
leaf-oscillators.c:1178:6:tMBPulse_setFreq	0	static
leaf-oscillators.c:1184:6:tMBPulse_setWidth	0	static
leaf-oscillators.c:1190:7:tMBPulse_sync	0	static
leaf-oscillators.c:1206:6:tMBPulse_setSyncMode	0	static
leaf-oscillators.c:1212:6:tMBPulse_setSampleRate	0	static
leaf-oscillators.c:1221:6:tMBTriangle_init	16	static
leaf-oscillators.c:1226:6:tMBTriangle_initToPool	16	static
leaf-oscillators.c:1247:6:tMBTriangle_free	0	static
leaf-oscillators.c:1253:7:tMBTriangle_tick	80	static
leaf-oscillators.c:1480:6:tMBTriangle_setFreq	0	static
leaf-oscillators.c:1486:6:tMBTriangle_setWidth	0	static
leaf-oscillators.c:1492:7:tMBTriangle_sync	0	static
leaf-oscillators.c:1508:6:tMBTriangle_setSyncMode	0	static
leaf-oscillators.c:1514:6:tMBTriangle_setSampleRate	0	static
leaf-oscillators.c:1523:6:tMBSaw_init	16	static
leaf-oscillators.c:1528:6:tMBSaw_initToPool	16	static
leaf-oscillators.c:1548:6:tMBSaw_free	0	static
leaf-oscillators.c:1554:7:tMBSaw_tick	40	static
leaf-oscillators.c:1652:6:tMBSaw_setFreq	0	static
leaf-oscillators.c:1658:7:tMBSaw_sync	0	static
leaf-oscillators.c:1674:6:tMBSaw_setSyncMode	0	static
leaf-oscillators.c:1680:6:tMBSaw_setSampleRate	0	static
leaf-oscillators.c:1688:9:tTable_init	24	static
leaf-oscillators.c:1693:9:tTable_initToPool	24	static
leaf-oscillators.c:1707:9:tTable_free	0	static
leaf-oscillators.c:1714:10:tTable_setFreq	0	static
leaf-oscillators.c:1725:9:tTable_tick	4	static
leaf-oscillators.c:1751:10:tTable_setSampleRate	0	static
leaf-oscillators.c:1763:6:tWaveTable_initToPool	56	static
leaf-oscillators.c:1758:6:tWaveTable_init	0	static
leaf-oscillators.c:1827:6:tWaveTable_free	16	static
leaf-oscillators.c:1839:6:tWaveTable_setSampleRate	48	static
leaf-oscillators.c:1900:6:tWaveOsc_init	24	static
leaf-oscillators.c:1905:6:tWaveOsc_initToPool	24	static
leaf-oscillators.c:1924:6:tWaveOsc_free	0	static
leaf-oscillators.c:1930:7:tWaveOsc_tick	16	static
leaf-oscillators.c:1969:6:tWaveOsc_setFreq	8	static
leaf-oscillators.c:1992:6:tWaveOsc_setAntiAliasing	8	static
leaf-oscillators.c:1999:6:tWaveOsc_setPhaseOffset	0	static
leaf-oscillators.c:2005:6:tWaveOsc_setSampleRate	8	static
leaf-oscillators.c:2021:9:tWaveSynth_initToPool	72	static
leaf-oscillators.c:2015:9:tWaveSynth_init	4	static
leaf-oscillators.c:2058:9:tWaveSynth_free	24	static
leaf-oscillators.c:2074:9:tWaveSynth_tick	56	static
leaf-oscillators.c:2098:7:tWaveSynth_tickVoice	36	static
leaf-oscillators.c:2122:6:tWaveSynth_setFreq	32	static
leaf-oscillators.c:2131:6:tWaveSynth_setAntiAliasing	40	static
leaf-oscillators.c:2143:6:tWaveSynth_setIndex	0	static
leaf-oscillators.c:2149:6:tWaveSynth_setIndexGain	0	static
leaf-oscillators.c:2156:6:tWaveSynth_setIndexPhase	0	static
leaf-oscillators.c:2166:6:tWaveSynth_setSampleRate	40	static
leaf-oscillators.c:2185:6:tWaveTableS_initToPool	64	static
leaf-oscillators.c:2180:6:tWaveTableS_init	0	static
leaf-oscillators.c:2248:9:tWaveTableS_free	16	static
leaf-oscillators.c:2261:9:tWaveTableS_setSampleRate	64	static
leaf-oscillators.c:2325:6:tWaveOscS_init	24	static
leaf-oscillators.c:2330:6:tWaveOscS_initToPool	24	static
leaf-oscillators.c:2346:6:tWaveOscS_free	0	static
leaf-oscillators.c:2352:7:tWaveOscS_tick	16	static
leaf-oscillators.c:2392:6:tWaveOscS_setFreq	8	static
leaf-oscillators.c:2412:6:tWaveOscS_setAntiAliasing	8	static
leaf-oscillators.c:2419:6:tWaveOscS_setPhaseOffset	0	static
leaf-oscillators.c:2425:6:tWaveOscS_setSampleRate	8	static
leaf-oscillators.c:2441:6:tWaveSynthS_initToPool	72	static
leaf-oscillators.c:2435:6:tWaveSynthS_init	4	static
leaf-oscillators.c:2478:6:tWaveSynthS_free	24	static
leaf-oscillators.c:2494:7:tWaveSynthS_tick	56	static
leaf-oscillators.c:2518:7:tWaveSynthS_tickVoice	48	static
leaf-oscillators.c:2542:6:tWaveSynthS_setFreq	32	static
leaf-oscillators.c:2551:6:tWaveSynthS_setAntiAliasing	40	static
leaf-oscillators.c:2563:6:tWaveSynthS_setIndex	0	static
leaf-oscillators.c:2569:6:tWaveSynthS_setIndexGain	0	static
leaf-oscillators.c:2576:6:tWaveSynthS_setIndexPhase	0	static
leaf-oscillators.c:2586:6:tWaveSynthS_setSampleRate	40	static
