leaf-analysis.c:25:9:tEnvelopeFollower_init	24	static
leaf-analysis.c:30:9:tEnvelopeFollower_initToPool	24	static
leaf-analysis.c:41:9:tEnvelopeFollower_free	0	static
leaf-analysis.c:48:9:tEnvelopeFollower_tick	0	static
leaf-analysis.c:67:9:tEnvelopeFollower_setDecayCoefficient	0	static
leaf-analysis.c:73:9:tEnvelopeFollower_setAttackThreshold	0	static
leaf-analysis.c:85:9:tZeroCrossingCounter_init	24	static
leaf-analysis.c:90:9:tZeroCrossingCounter_initToPool	24	static
leaf-analysis.c:106:9:tZeroCrossingCounter_free	8	static
leaf-analysis.c:116:9:tZeroCrossingCounter_tick	8	static
leaf-analysis.c:155:9:tZeroCrossingCounter_setWindowSize	0	static
leaf-analysis.c:176:9:tPowerFollower_init	24	static
leaf-analysis.c:181:9:tPowerFollower_initToPool	24	static
leaf-analysis.c:192:9:tPowerFollower_free	0	static
leaf-analysis.c:199:9:tPowerFollower_setFactor	0	static
leaf-analysis.c:210:9:tPowerFollower_tick	0	static
leaf-analysis.c:217:9:tPowerFollower_sample	0	static
leaf-analysis.c:235:9:tEnvPD_initToPool	64	static
leaf-analysis.c:230:6:tEnvPD_init	4	static
leaf-analysis.c:279:6:tEnvPD_free	0	static
leaf-analysis.c:286:7:tEnvPD_tick	0	static
leaf-analysis.c:292:6:tEnvPD_processBlock	32	static
leaf-analysis.c:338:6:tAttackDetection_init	32	static
leaf-analysis.c:343:6:tAttackDetection_initToPool	32	static
leaf-analysis.c:352:6:tAttackDetection_free	0	static
leaf-analysis.c:362:6:tAttackDetection_setBlocksize	0	static
leaf-analysis.c:374:6:tAttackDetection_setSamplerate	24	static
leaf-analysis.c:385:6:tAttackDetection_setThreshold	0	static
leaf-analysis.c:391:6:tAttackDetection_setAttack	8	static
leaf-analysis.c:398:6:tAttackDetection_setRelease	8	static
leaf-analysis.c:406:5:tAttackDetection_detect	16	static
leaf-analysis.c:489:9:tSNAC_initToPool	40	static
leaf-analysis.c:484:6:tSNAC_init	0	static
leaf-analysis.c:512:6:tSNAC_free	8	static
leaf-analysis.c:528:6:tSNAC_ioSamples	88	static
leaf-analysis.c:550:6:tSNAC_setOverlap	0	static
leaf-analysis.c:558:6:tSNAC_setBias	32	static
leaf-analysis.c:569:6:tSNAC_setMinRMS	0	static
leaf-analysis.c:579:7:tSNAC_getPeriod	0	static
leaf-analysis.c:586:7:tSNAC_getFidelity	0	static
leaf-analysis.c:835:6:tPeriodDetection_init	48	static
leaf-analysis.c:840:6:tPeriodDetection_initToPool	56	static
leaf-analysis.c:872:6:tPeriodDetection_free	16	static
leaf-analysis.c:881:7:tPeriodDetection_tick	16	static
leaf-analysis.c:919:7:tPeriodDetection_getPeriod	0	static
leaf-analysis.c:925:6:tPeriodDetection_setHopSize	0	static
leaf-analysis.c:931:6:tPeriodDetection_setWindowSize	0	static
leaf-analysis.c:937:6:tPeriodDetection_setFidelityThreshold	0	static
leaf-analysis.c:943:6:tPeriodDetection_setAlpha	8	static
leaf-analysis.c:949:6:tPeriodDetection_setTolerance	0	static
leaf-analysis.c:957:9:tZeroCrossingInfo_init	16	static
leaf-analysis.c:962:9:tZeroCrossingInfo_initToPool	16	static
leaf-analysis.c:973:9:tZeroCrossingInfo_free	0	static
leaf-analysis.c:980:9:tZeroCrossingInfo_updatePeak	0	static
leaf-analysis.c:989:9:tZeroCrossingInfo_period	0	static
leaf-analysis.c:997:9:tZeroCrossingInfo_fractionalPeriod	0	static
leaf-analysis.c:1019:9:tZeroCrossingInfo_getWidth	0	static
leaf-analysis.c:1035:9:tZeroCrossingCollector_initToPool	40	static
leaf-analysis.c:1030:9:tZeroCrossingCollector_init	0	static
leaf-analysis.c:1067:9:tZeroCrossingCollector_free	0	static
leaf-analysis.c:1074:9:tZeroCrossingCollector_tick	16	static
leaf-analysis.c:1105:9:tZeroCrossingCollector_getState	0	static
leaf-analysis.c:1112:25:tZeroCrossingCollector_getCrossing	4	static
leaf-analysis.c:1120:9:tZeroCrossingCollector_getNumEdges	0	static
leaf-analysis.c:1127:9:tZeroCrossingCollector_getCapacity	0	static
leaf-analysis.c:1134:9:tZeroCrossingCollector_getFrame	0	static
leaf-analysis.c:1141:9:tZeroCrossingCollector_getWindowSize	0	static
leaf-analysis.c:1148:9:tZeroCrossingCollector_isReady	0	static
leaf-analysis.c:1155:9:tZeroCrossingCollector_getPeak	0	static
leaf-analysis.c:1162:9:tZeroCrossingCollector_isReset	0	static
leaf-analysis.c:1169:9:tZeroCrossingCollector_setHysteresis	8	static
leaf-analysis.c:1262:9:tBitset_init	24	static
leaf-analysis.c:1267:9:tBitset_initToPool	24	static
leaf-analysis.c:1285:9:tBitset_free	8	static
leaf-analysis.c:1293:9:tBitset_get	4	static
leaf-analysis.c:1305:17:tBitset_getData	0	static
leaf-analysis.c:1312:10:tBitset_set	8	static
leaf-analysis.c:1324:10:tBitset_setMultiple	16	static
leaf-analysis.c:1395:9:tBitset_getSize	0	static
leaf-analysis.c:1402:9:tBitset_clear	0	static
leaf-analysis.c:1412:9:tBACF_init	16	static
leaf-analysis.c:1417:9:tBACF_initToPool	16	static
leaf-analysis.c:1427:9:tBACF_free	0	static
leaf-analysis.c:1434:8:tBACF_getCorrelation	40	static
leaf-analysis.c:1482:9:tBACF_set	0	static
leaf-analysis.c:1501:9:tPeriodDetector_init	40	static
leaf-analysis.c:1506:9:tPeriodDetector_initToPool	40	static
leaf-analysis.c:1533:9:tPeriodDetector_free	16	static
leaf-analysis.c:1544:7:tPeriodDetector_tick	192	static
leaf-analysis.c:1573:9:tPeriodDetector_getPeriod	0	static
leaf-analysis.c:1580:9:tPeriodDetector_getPeriodicity	0	static
leaf-analysis.c:1587:9:tPeriodDetector_harmonic	48	static
leaf-analysis.c:1607:9:tPeriodDetector_predictPeriod	16	static
leaf-analysis.c:1641:9:tPeriodDetector_isReady	0	static
leaf-analysis.c:1648:9:tPeriodDetector_isReset	0	static
leaf-analysis.c:1655:9:tPeriodDetector_setHysteresis	8	static
leaf-analysis.c:1883:9:tPitchDetector_init	48	static
leaf-analysis.c:1888:9:tPitchDetector_initToPool	48	static
leaf-analysis.c:1900:9:tPitchDetector_free	16	static
leaf-analysis.c:1908:9:tPitchDetector_tick	16	static
leaf-analysis.c:1959:9:tPitchDetector_getFrequency	0	static
leaf-analysis.c:1966:9:tPitchDetector_getPeriodicity	0	static
leaf-analysis.c:1973:9:tPitchDetector_harmonic	48	static
leaf-analysis.c:1980:9:tPitchDetector_predictFrequency	20	static
leaf-analysis.c:1991:9:tPitchDetector_indeterminate	0	static
leaf-analysis.c:1998:9:tPitchDetector_setHysteresis	8	static
leaf-analysis.c:2113:9:tDualPitchDetector_init	48	static
leaf-analysis.c:2118:9:tDualPitchDetector_initToPool	48	static
leaf-analysis.c:2133:9:tDualPitchDetector_free	24	static
leaf-analysis.c:2143:9:tDualPitchDetector_tick	32	static
leaf-analysis.c:2189:9:tDualPitchDetector_getFrequency	0	static
leaf-analysis.c:2196:9:tDualPitchDetector_getPeriodicity	0	static
leaf-analysis.c:2203:9:tDualPitchDetector_predictFrequency	24	static
leaf-analysis.c:2212:9:tDualPitchDetector_setHysteresis	24	static
